Starting Script
Changed Directory
Loaded Packages
Got Files
